[    0.000000] Initializing cgroup subsys cpuset
[    0.000000] Initializing cgroup subsys cpu
[    0.000000] Initializing cgroup subsys cpuacct
[    0.000000] Linux version 4.4.0-210-generic (buildd@lgw01-amd64-009) (gcc version 5.4.0 20160609 (Ubuntu 5.4.0-6ubuntu1~16.04.12) ) #242-Ubuntu SMP Fri Apr 16 09:57:56 UTC 2021 (Ubuntu 4.4.0-210.242-generic 4.4.262)
[    0.000000] Command line: BOOT_IMAGE=/boot/vmlinuz-4.4.0-210-generic root=LABEL=cloudimg-rootfs ro console=tty1 console=ttyS0
[    0.000000] KERNEL supported cpus:
[    0.000000]   Intel GenuineIntel
[    0.000000]   AMD AuthenticAMD
[    0.000000]   Centaur CentaurHauls
[    0.000000] x86/fpu: xstate_offset[2]:  576, xstate_sizes[2]:  256
[    0.000000] x86/fpu: Supporting XSAVE feature 0x01: 'x87 floating point registers'
[    0.000000] x86/fpu: Supporting XSAVE feature 0x02: 'SSE registers'
[    0.000000] x86/fpu: Supporting XSAVE feature 0x04: 'AVX registers'
[    0.000000] x86/fpu: Enabled xstate features 0x7, context size is 832 bytes, using 'standard' format.
[    0.000000] e820: BIOS-provided physical RAM map:
[    0.000000] BIOS-e820: [mem 0x0000000000000000-0x000000000009fbff] usable
[    0.000000] BIOS-e820: [mem 0x000000000009fc00-0x000000000009ffff] reserved
[    0.000000] BIOS-e820: [mem 0x00000000000f0000-0x00000000000fffff] reserved
[    0.000000] BIOS-e820: [mem 0x0000000000100000-0x00000000dffeffff] usable
[    0.000000] BIOS-e820: [mem 0x00000000dfff0000-0x00000000dfffffff] ACPI data
[    0.000000] BIOS-e820: [mem 0x00000000fec00000-0x00000000fec00fff] reserved
[    0.000000] BIOS-e820: [mem 0x00000000fee00000-0x00000000fee00fff] reserved
[    0.000000] BIOS-e820: [mem 0x00000000fffc0000-0x00000000ffffffff] reserved
[    0.000000] BIOS-e820: [mem 0x0000000100000000-0x000000011fffffff] usable
[    0.000000] NX (Execute Disable) protection: active
[    0.000000] SMBIOS 2.5 present.
[    0.000000] Hypervisor detected: KVM
[    0.000000] e820: last_pfn = 0x120000 max_arch_pfn = 0x400000000
[    0.000000] MTRR: Disabled
[    0.000000] x86/PAT: MTRRs disabled, skipping PAT initialization too.
[    0.000000] CPU MTRRs all blank - virtualized system.
[    0.000000] x86/PAT: Configuration [0-7]: WB  WT  UC- UC  WB  WT  UC- UC  
[    0.000000] e820: last_pfn = 0xdfff0 max_arch_pfn = 0x400000000
[    0.000000] found SMP MP-table at [mem 0x0009fff0-0x0009ffff] mapped at [ffff88000009fff0]
[    0.000000] Scanning 1 areas for low memory corruption
[    0.000000] RAMDISK: [mem 0x362de000-0x37166fff]
[    0.000000] ACPI: Early table checksum verification disabled
[    0.000000] ACPI: RSDP 0x00000000000E0000 000024 (v02 VBOX  )
[    0.000000] ACPI: XSDT 0x00000000DFFF0030 00003C (v01 VBOX   VBOXXSDT 00000001 ASL  00000061)
[    0.000000] ACPI: FACP 0x00000000DFFF00F0 0000F4 (v04 VBOX   VBOXFACP 00000001 ASL  00000061)
[    0.000000] ACPI: DSDT 0x00000000DFFF0470 002325 (v02 VBOX   VBOXBIOS 00000002 INTL 20120111)
[    0.000000] ACPI: FACS 0x00000000DFFF0200 000040
[    0.000000] ACPI: FACS 0x00000000DFFF0200 000040
[    0.000000] ACPI: APIC 0x00000000DFFF0240 00005C (v02 VBOX   VBOXAPIC 00000001 ASL  00000061)
[    0.000000] ACPI: SSDT 0x00000000DFFF02A0 0001CC (v01 VBOX   VBOXCPUT 00000002 INTL 20120111)
[    0.000000] No NUMA configuration found
[    0.000000] Faking a node at [mem 0x0000000000000000-0x000000011fffffff]
[    0.000000] NODE_DATA(0) allocated [mem 0x11fff7000-0x11fffbfff]
[    0.000000] kvm-clock: Using msrs 4b564d01 and 4b564d00
[    0.000000] kvm-clock: cpu 0, msr 1:1ffef001, primary cpu clock
[    0.000000] kvm-clock: using sched offset of 4696626539 cycles
[    0.000000] clocksource: kvm-clock: mask: 0xffffffffffffffff max_cycles: 0x1cd42e4dffb, max_idle_ns: 881590591483 ns
[    0.000000] Zone ranges:
[    0.000000]   DMA      [mem 0x0000000000001000-0x0000000000ffffff]
[    0.000000]   DMA32    [mem 0x0000000001000000-0x00000000ffffffff]
[    0.000000]   Normal   [mem 0x0000000100000000-0x000000011fffffff]
[    0.000000]   Device   empty
[    0.000000] Movable zone start for each node
[    0.000000] Early memory node ranges
[    0.000000]   node   0: [mem 0x0000000000001000-0x000000000009efff]
[    0.000000]   node   0: [mem 0x0000000000100000-0x00000000dffeffff]
[    0.000000]   node   0: [mem 0x0000000100000000-0x000000011fffffff]
[    0.000000] Initmem setup node 0 [mem 0x0000000000001000-0x000000011fffffff]
[    0.000000] ACPI: PM-Timer IO Port: 0x4008
[    0.000000] IOAPIC[0]: apic_id 2, version 32, address 0xfec00000, GSI 0-23
[    0.000000] ACPI: INT_SRC_OVR (bus 0 bus_irq 0 global_irq 2 dfl dfl)
[    0.000000] ACPI: INT_SRC_OVR (bus 0 bus_irq 9 global_irq 9 low level)
[    0.000000] Using ACPI (MADT) for SMP configuration information
[    0.000000] smpboot: Allowing 2 CPUs, 0 hotplug CPUs
[    0.000000] PM: Registered nosave memory: [mem 0x00000000-0x00000fff]
[    0.000000] PM: Registered nosave memory: [mem 0x0009f000-0x0009ffff]
[    0.000000] PM: Registered nosave memory: [mem 0x000a0000-0x000effff]
[    0.000000] PM: Registered nosave memory: [mem 0x000f0000-0x000fffff]
[    0.000000] PM: Registered nosave memory: [mem 0xdfff0000-0xdfffffff]
[    0.000000] PM: Registered nosave memory: [mem 0xe0000000-0xfebfffff]
[    0.000000] PM: Registered nosave memory: [mem 0xfec00000-0xfec00fff]
[    0.000000] PM: Registered nosave memory: [mem 0xfec01000-0xfedfffff]
[    0.000000] PM: Registered nosave memory: [mem 0xfee00000-0xfee00fff]
[    0.000000] PM: Registered nosave memory: [mem 0xfee01000-0xfffbffff]
[    0.000000] PM: Registered nosave memory: [mem 0xfffc0000-0xffffffff]
[    0.000000] e820: [mem 0xe0000000-0xfebfffff] available for PCI devices
[    0.000000] Booting paravirtualized kernel on KVM
[    0.000000] clocksource: refined-jiffies: mask: 0xffffffff max_cycles: 0xffffffff, max_idle_ns: 7645519600211568 ns
[    0.000000] setup_percpu: NR_CPUS:512 nr_cpumask_bits:512 nr_cpu_ids:2 nr_node_ids:1
[    0.000000] PERCPU: Embedded 33 pages/cpu @ffff88011fc00000 s95192 r8192 d31784 u1048576
[    0.000000] Built 1 zonelists in Node order, mobility grouping on.  Total pages: 1032056
[    0.000000] Policy zone: Normal
[    0.000000] Kernel command line: BOOT_IMAGE=/boot/vmlinuz-4.4.0-210-generic root=LABEL=cloudimg-rootfs ro console=tty1 console=ttyS0
[    0.000000] PID hash table entries: 4096 (order: 3, 32768 bytes)
[    0.000000] Memory: 4028308K/4193848K available (8644K kernel code, 1332K rwdata, 4044K rodata, 1492K init, 1164K bss, 165540K reserved, 0K cma-reserved)
[    0.000000] SLUB: HWalign=64, Order=0-3, MinObjects=0, CPUs=2, Nodes=1
[    0.000000] Kernel/User page tables isolation: enabled
[    0.000000] Hierarchical RCU implementation.
[    0.000000] 	Build-time adjustment of leaf fanout to 64.
[    0.000000] 	RCU restricting CPUs from NR_CPUS=512 to nr_cpu_ids=2.
[    0.000000] RCU: Adjusting geometry for rcu_fanout_leaf=64, nr_cpu_ids=2
[    0.000000] NR_IRQS:33024 nr_irqs:440 16
[    0.000000] Console: colour VGA+ 80x25
[    0.000000] console [tty1] enabled
[    0.000000] console [ttyS0] enabled
[    0.000000] tsc: Detected 2294.688 MHz processor
[    0.313629] Calibrating delay loop (skipped) preset value.. 4589.37 BogoMIPS (lpj=9178752)
[    0.316482] pid_max: default: 32768 minimum: 301
[    0.318061] ACPI: Core revision 20150930
[    0.319838] ACPI: 2 ACPI AML tables successfully acquired and loaded
[    0.321489] Security Framework initialized
[    0.322480] Yama: becoming mindful.
[    0.323353] AppArmor: AppArmor initialized
[    0.325697] Dentry cache hash table entries: 524288 (order: 10, 4194304 bytes)
[    0.331364] Inode-cache hash table entries: 262144 (order: 9, 2097152 bytes)
[    0.333913] Mount-cache hash table entries: 8192 (order: 4, 65536 bytes)
[    0.335454] Mountpoint-cache hash table entries: 8192 (order: 4, 65536 bytes)
[    0.338224] Initializing cgroup subsys io
[    0.339393] Initializing cgroup subsys memory
[    0.340652] Initializing cgroup subsys devices
[    0.341742] Initializing cgroup subsys freezer
[    0.342940] Initializing cgroup subsys net_cls
[    0.344135] Initializing cgroup subsys perf_event
[    0.345244] Initializing cgroup subsys net_prio
[    0.346444] Initializing cgroup subsys hugetlb
[    0.347739] Initializing cgroup subsys pids
[    0.356893] mce: CPU supports 0 MCE banks
[    0.357976] Last level iTLB entries: 4KB 1024, 2MB 1024, 4MB 1024
[    0.359509] Last level dTLB entries: 4KB 1024, 2MB 1024, 4MB 1024, 1GB 4
[    0.361143] Spectre V1 : Mitigation: usercopy/swapgs barriers and __user pointer sanitization
[    0.363569] Spectre V2 : Mitigation: Full generic retpoline
[    0.365679] Spectre V2 : Spectre v2 / SpectreRSB mitigation: Filling RSB on context switch
[    0.368286] Speculative Store Bypass: Vulnerable
[    0.369515] SRBDS: Unknown: Dependent on hypervisor status
[    0.370847] MDS: Mitigation: Clear CPU buffers
[    0.374919] Freeing SMP alternatives memory: 36K
[    0.382291] ftrace: allocating 32380 entries in 127 pages
[    0.445182] smpboot: APIC(0) Converting physical 0 to logical package 0
[    0.446928] smpboot: Max logical packages: 1
[    0.448337] x2apic enabled
[    0.450359] Switched APIC routing to physical x2apic.
[    0.453580] ..TIMER: vector=0x30 apic1=0 pin1=2 apic2=-1 pin2=-1
[    0.563267] smpboot: CPU0: Intel(R) Core(TM) i7-4850HQ CPU @ 2.30GHz (family: 0x6, model: 0x46, stepping: 0x1)
[    0.566514] Performance Events: unsupported p6 CPU model 70 no PMU driver, software events only.
[    0.579651] KVM setup paravirtual spinlock
[    0.581626] x86: Booting SMP configuration:
[    0.582767] .... node  #0, CPUs:      #1
[    0.584114] kvm-clock: cpu 1, msr 1:1ffef041, secondary cpu clock
[    0.593482] mce: CPU supports 0 MCE banks
[    0.596868] x86: Booted up 1 node, 2 CPUs
[    0.598506] smpboot: Total of 2 processors activated (9178.75 BogoMIPS)
[    0.601773] devtmpfs: initialized
[    0.604241] evm: security.selinux
[    0.605137] evm: security.SMACK64
[    0.606042] evm: security.SMACK64EXEC
[    0.606964] evm: security.SMACK64TRANSMUTE
[    0.608000] evm: security.SMACK64MMAP
[    0.609735] evm: security.ima
[    0.611238] evm: security.capability
[    0.613021] clocksource: jiffies: mask: 0xffffffff max_cycles: 0xffffffff, max_idle_ns: 7645041785100000 ns
[    0.616579] futex hash table entries: 512 (order: 3, 32768 bytes)
[    0.618849] pinctrl core: initialized pinctrl subsystem
[    0.620568] RTC time: 14:34:54, date: 06/08/21
[    0.621934] NET: Registered protocol family 16
[    0.631792] cpuidle: using governor ladder
[    0.643646] cpuidle: using governor menu
[    0.644856] PCCT header not found.
[    0.645864] ACPI: bus type PCI registered
[    0.646908] acpiphp: ACPI Hot Plug PCI Controller Driver version: 0.5
[    0.648972] PCI: Using configuration type 1 for base access
[    0.669177] ACPI: Added _OSI(Module Device)
[    0.670491] ACPI: Added _OSI(Processor Device)
[    0.671667] ACPI: Added _OSI(3.0 _SCP Extensions)
[    0.672899] ACPI: Added _OSI(Processor Aggregator Device)
[    0.674951] ACPI: Executed 1 blocks of module-level executable AML code
[    0.679644] ACPI: Interpreter enabled
[    0.680679] ACPI: (supports S0 S5)
[    0.681810] ACPI: Using IOAPIC for interrupt routing
[    0.683989] PCI: Using host bridge windows from ACPI; if necessary, use "pci=nocrs" and report a bug
[    0.692044] ACPI: PCI Root Bridge [PCI0] (domain 0000 [bus 00-ff])
[    0.693707] acpi PNP0A03:00: _OSC: OS supports [ASPM ClockPM Segments MSI]
[    0.695737] acpi PNP0A03:00: _OSC: not requesting OS control; OS requires [ExtendedConfig ASPM ClockPM MSI]
[    0.698127] acpi PNP0A03:00: fail to add MMCONFIG information, can't access extended PCI configuration space under this bridge.
[    0.711704] PCI host bridge to bus 0000:00
[    0.712837] pci_bus 0000:00: root bus resource [io  0x0000-0x0cf7 window]
[    0.714683] pci_bus 0000:00: root bus resource [io  0x0d00-0xffff window]
[    0.716537] pci_bus 0000:00: root bus resource [mem 0x000a0000-0x000bffff window]
[    0.718966] pci_bus 0000:00: root bus resource [mem 0xe0000000-0xfdffffff window]
[    0.720981] pci_bus 0000:00: root bus resource [bus 00-ff]
[    0.725912] pci 0000:00:01.1: legacy IDE quirk: reg 0x10: [io  0x01f0-0x01f7]
[    0.728884] pci 0000:00:01.1: legacy IDE quirk: reg 0x14: [io  0x03f6]
[    0.731302] pci 0000:00:01.1: legacy IDE quirk: reg 0x18: [io  0x0170-0x0177]
[    0.734031] pci 0000:00:01.1: legacy IDE quirk: reg 0x1c: [io  0x0376]
[    0.772608] pci 0000:00:07.0: quirk: [io  0x4000-0x403f] claimed by PIIX4 ACPI
[    0.774530] pci 0000:00:07.0: quirk: [io  0x4100-0x410f] claimed by PIIX4 SMB
[    0.789834] ACPI: PCI Interrupt Link [LNKA] (IRQs 5 9 10 *11)
[    0.791957] ACPI: PCI Interrupt Link [LNKB] (IRQs 5 9 *10 11)
[    0.794203] ACPI: PCI Interrupt Link [LNKC] (IRQs 5 *9 10 11)
[    0.796010] ACPI: PCI Interrupt Link [LNKD] (IRQs 5 9 10 *11)
[    0.797822] ACPI: Enabled 2 GPEs in block 00 to 07
[    0.799566] vgaarb: setting as boot device: PCI:0000:00:02.0
[    0.801625] vgaarb: device added: PCI:0000:00:02.0,decodes=io+mem,owns=io+mem,locks=none
[    0.803682] vgaarb: loaded
[    0.804454] vgaarb: bridge control possible 0000:00:02.0
[    0.805913] SCSI subsystem initialized
[    0.807021] ACPI: bus type USB registered
[    0.808275] usbcore: registered new interface driver usbfs
[    0.809935] usbcore: registered new interface driver hub
[    0.811375] usbcore: registered new device driver usb
[    0.813257] PCI: Using ACPI for IRQ routing
[    0.814927] NetLabel: Initializing
[    0.815866] NetLabel:  domain hash size = 128
[    0.817006] NetLabel:  protocols = UNLABELED CIPSOv4
[    0.818365] NetLabel:  unlabeled traffic allowed by default
[    0.819821] amd_nb: Cannot enumerate AMD northbridges
[    0.821089] clocksource: Switched to clocksource kvm-clock
[    0.830617] AppArmor: AppArmor Filesystem Enabled
[    0.831998] pnp: PnP ACPI init
[    0.834729] pnp: PnP ACPI: found 3 devices
[    0.841447] clocksource: acpi_pm: mask: 0xffffff max_cycles: 0xffffff, max_idle_ns: 2085701024 ns
[    0.844260] NET: Registered protocol family 2
[    0.845677] TCP established hash table entries: 32768 (order: 6, 262144 bytes)
[    0.847571] TCP bind hash table entries: 32768 (order: 7, 524288 bytes)
[    0.850602] TCP: Hash tables configured (established 32768 bind 32768)
[    0.852422] UDP hash table entries: 2048 (order: 4, 65536 bytes)
[    0.853900] UDP-Lite hash table entries: 2048 (order: 4, 65536 bytes)
[    0.855561] NET: Registered protocol family 1
[    0.856921] pci 0000:00:00.0: Limiting direct PCI/PCI transfers
[    0.858618] pci 0000:00:01.0: Activating ISA DMA hang workarounds
[    0.860952] Unpacking initramfs...
[    1.239605] Freeing initrd memory: 14884K
[    1.243342] PCI-DMA: Using software bounce buffering for IO (SWIOTLB)
[    1.247100] software IO TLB: mapped [mem 0xdbff0000-0xdfff0000] (64MB)
[    1.264519] clocksource: tsc: mask: 0xffffffffffffffff max_cycles: 0x21139aef754, max_idle_ns: 440795211890 ns
[    1.268952] platform rtc_cmos: registered platform RTC device (no PNP device found)
[    1.272226] Scanning for low memory corruption every 60 seconds
[    1.275361] audit: initializing netlink subsys (disabled)
[    1.277746] audit: type=2000 audit(1623162900.958:1): initialized
[    1.284764] Initialise system trusted keyring
[    1.297880] HugeTLB registered 2 MB page size, pre-allocated 0 pages
[    1.302772] zbud: loaded
[    1.304701] VFS: Disk quotas dquot_6.6.0
[    1.306451] VFS: Dquot-cache hash table entries: 512 (order 0, 4096 bytes)
[    1.314973] squashfs: version 4.0 (2009/01/31) Phillip Lougher
[    1.322730] fuse init (API version 7.23)
[    1.324682] Key type big_key registered
[    1.326393] Allocating IMA MOK and blacklist keyrings.
[    1.330909] Key type asymmetric registered
[    1.335747] Asymmetric key parser 'x509' registered
[    1.338615] Block layer SCSI generic (bsg) driver version 0.4 loaded (major 249)
[    1.343056] io scheduler noop registered
[    1.345591] io scheduler deadline registered (default)
[    1.348643] io scheduler cfq registered
[    1.351532] pci_hotplug: PCI Hot Plug PCI Core version: 0.5
[    1.352923] pciehp: PCI Express Hot Plug Controller Driver version: 0.4
[    1.355039] ACPI: AC Adapter [AC] (on-line)
[    1.356399] input: Power Button as /devices/LNXSYSTM:00/LNXPWRBN:00/input/input0
[    1.360859] ACPI: Power Button [PWRF]
[    1.362239] input: Sleep Button as /devices/LNXSYSTM:00/LNXSLPBN:00/input/input1
[    1.368542] ACPI: Sleep Button [SLPF]
[    1.371424] GHES: HEST is not enabled!
[    1.372578] ACPI: Battery Slot [BAT0] (battery present)
[    1.375087] Serial: 8250/16550 driver, 32 ports, IRQ sharing enabled
[    1.398358] 00:02: ttyS0 at I/O 0x3f8 (irq = 4, base_baud = 115200) is a 16550A
[    1.406821] Linux agpgart interface v0.103
[    1.414593] loop: module loaded
[    1.416617] scsi host0: ata_piix
[    1.417923] scsi host1: ata_piix
[    1.420922] ata1: PATA max UDMA/33 cmd 0x1f0 ctl 0x3f6 bmdma 0xd000 irq 14
[    1.423995] ata2: PATA max UDMA/33 cmd 0x170 ctl 0x376 bmdma 0xd008 irq 15
[    1.431309] libphy: Fixed MDIO Bus: probed
[    1.433522] tun: Universal TUN/TAP device driver, 1.6
[    1.436304] tun: (C) 1999-2004 Max Krasnyansky <maxk@qualcomm.com>
[    1.439024] PPP generic driver version 2.4.2
[    1.441083] ehci_hcd: USB 2.0 'Enhanced' Host Controller (EHCI) Driver
[    1.451617] ehci-pci: EHCI PCI platform driver
[    1.453358] ehci-platform: EHCI generic platform driver
[    1.454884] ohci_hcd: USB 1.1 'Open' Host Controller (OHCI) Driver
[    1.456430] ohci-pci: OHCI PCI platform driver
[    1.457607] ohci-platform: OHCI generic platform driver
[    1.461105] uhci_hcd: USB Universal Host Controller Interface driver
[    1.463760] i8042: PNP: PS/2 Controller [PNP0303:PS2K,PNP0f03:PS2M] at 0x60,0x64 irq 1,12
[    1.467668] serio: i8042 KBD port at 0x60,0x64 irq 1
[    1.470333] serio: i8042 AUX port at 0x60,0x64 irq 12
[    1.473513] mousedev: PS/2 mouse device common for all mice
[    1.476853] input: AT Translated Set 2 keyboard as /devices/platform/i8042/serio0/input/input2
[    1.480269] rtc_cmos rtc_cmos: rtc core: registered rtc_cmos as rtc0
[    1.482558] rtc_cmos rtc_cmos: alarms up to one day, 114 bytes nvram
[    1.485321] i2c /dev entries driver
[    1.486801] device-mapper: uevent: version 1.0.3
[    1.489005] device-mapper: ioctl: 4.34.0-ioctl (2015-10-28) initialised: dm-devel@redhat.com
[    1.492462] ledtrig-cpu: registered to indicate activity on CPUs
[    1.494634] NET: Registered protocol family 10
[    1.496095] NET: Registered protocol family 17
[    1.497577] Key type dns_resolver registered
[    1.501340] registered taskstats version 1
[    1.502573] Loading compiled-in X.509 certificates
[    1.505384] Loaded X.509 cert 'Build time autogenerated kernel key: cf00e047681d67edb2720680708b7d9498083038'
[    1.508363] zswap: loaded using pool lzo/zbud
[    1.512174] Key type trusted registered
[    1.517376] Key type encrypted registered
[    1.518543] AppArmor: AppArmor sha1 policy hashing enabled
[    1.520580] ima: No TPM chip found, activating TPM-bypass!
[    1.523862] ima: Allocated hash algorithm: sha1
[    1.525850] evm: HMAC attrs: 0x1
[    1.527877]   Magic number: 9:115:586
[    1.529212] rtc_cmos rtc_cmos: setting system clock to 2021-06-08 14:34:55 UTC (1623162895)
[    1.531646] BIOS EDD facility v0.16 2004-Jun-25, 0 devices found
[    1.533763] EDD information not available.
[    1.612359] Freeing unused kernel memory: 1492K
[    1.613601] Write protecting the kernel read-only data: 14336k
[    1.615929] Freeing unused kernel memory: 1584K
[    1.618935] Freeing unused kernel memory: 52K
Loading, please wait...
starting version 229
[    1.636092] random: systemd-udevd: uninitialized urandom read (16 bytes read, 2 bits of entropy available)
[    1.636758] random: udevadm: uninitialized urandom read (16 bytes read, 2 bits of entropy available)
[    1.636786] random: udevadm: uninitialized urandom read (16 bytes read, 2 bits of entropy available)
[    1.643598] random: systemd-udevd: uninitialized urandom read (16 bytes read, 2 bits of entropy available)
[    1.645450] random: udevadm: uninitialized urandom read (16 bytes read, 2 bits of entropy available)
[    1.645507] random: udevadm: uninitialized urandom read (16 bytes read, 2 bits of entropy available)
[    1.645646] random: udevadm: uninitialized urandom read (16 bytes read, 2 bits of entropy available)
[    1.645704] random: udevadm: uninitialized urandom read (16 bytes read, 2 bits of entropy available)
[    1.645750] random: udevadm: uninitialized urandom read (16 bytes read, 2 bits of entropy available)
[    1.645795] random: udevadm: uninitialized urandom read (16 bytes read, 2 bits of entropy available)
[    1.703771] e1000: Intel(R) PRO/1000 Network Driver - version 7.3.21-k8-NAPI
[    1.706473] e1000: Copyright (c) 1999-2006 Intel Corporation.
[    1.708779] Fusion MPT base driver 3.04.20
[    1.710695] Copyright (c) 1999-2008 LSI Corporation
[    1.726299] Fusion MPT SPI Host driver 3.04.20
[    1.776989] AVX2 version of gcm_enc/dec engaged.
[    1.778887] AES CTR mode by8 optimization enabled
[    1.926807] input: ImExPS/2 Generic Explorer Mouse as /devices/platform/i8042/serio1/input/input4
[    2.279366] e1000 0000:00:03.0 eth0: (PCI:33MHz:32-bit) 02:ed:98:3c:8e:82
[    2.281135] e1000 0000:00:03.0 eth0: Intel(R) PRO/1000 Network Connection
[    2.284131] mptbase: ioc0: Initiating bringup
[    2.285231] e1000 0000:00:03.0 enp0s3: renamed from eth0
[    3.218844] ioc0: LSI53C1030 A0: Capabilities={Initiator}
[    5.777390] scsi host2: ioc0: LSI53C1030 A0, FwRev=00000000h, Ports=1, MaxQ=256, IRQ=20
[    7.622690] scsi 2:0:0:0: Direct-Access     VBOX     HARDDISK         1.0  PQ: 0 ANSI: 5
[    7.629777] scsi target2:0:0: Beginning Domain Validation
[    7.636280] scsi target2:0:0: Domain Validation skipping write tests
[    7.642389] scsi target2:0:0: Ending Domain Validation
[    7.645376] scsi target2:0:0: asynchronous
[    7.647573] scsi 2:0:1:0: Direct-Access     VBOX     HARDDISK         1.0  PQ: 0 ANSI: 5
[    7.657755] scsi target2:0:1: Beginning Domain Validation
[    7.667406] scsi target2:0:1: Domain Validation skipping write tests
[    7.677521] scsi target2:0:1: Ending Domain Validation
[    7.686015] scsi target2:0:1: asynchronous
[    7.722096] sd 2:0:0:0: Attached scsi generic sg0 type 0
[    7.726202] sd 2:0:0:0: [sda] 83886080 512-byte logical blocks: (42.9 GB/40.0 GiB)
[    7.734012] sd 2:0:1:0: [sdb] 20480 512-byte logical blocks: (10.5 MB/10.0 MiB)
[    7.739581] sd 2:0:1:0: Attached scsi generic sg1 type 0
[    7.742082] sd 2:0:0:0: [sda] Write Protect is off
[    7.742118] sd 2:0:1:0: [sdb] Write Protect is off
[    7.742887] sd 2:0:1:0: [sdb] Incomplete mode parameter data
[    7.742888] sd 2:0:1:0: [sdb] Assuming drive cache: write through
[    7.757006] sd 2:0:1:0: [sdb] Attached SCSI disk
[    7.782281] sd 2:0:0:0: [sda] Incomplete mode parameter data
[    7.790413] sd 2:0:0:0: [sda] Assuming drive cache: write through
[    7.802507]  sda: sda1
[    7.808759] sd 2:0:0:0: [sda] Attached SCSI disk
Begin: Loading essential drivers ... [    9.288974] md: linear personality registered for level -1
[    9.293865] md: multipath personality registered for level -4
[    9.299502] md: raid0 personality registered for level 0
[    9.309208] md: raid1 personality registered for level 1
[    9.381183] raid6: sse2x1   gen()  8057 MB/s
[    9.449183] raid6: sse2x1   xor()  6577 MB/s
[    9.517183] raid6: sse2x2   gen() 10193 MB/s
[    9.585164] raid6: sse2x2   xor()  7494 MB/s
[    9.653214] raid6: sse2x4   gen() 12495 MB/s
[    9.721192] raid6: sse2x4   xor()  6730 MB/s
[    9.789202] raid6: avx2x1   gen() 14936 MB/s
[    9.857201] raid6: avx2x2   gen() 17261 MB/s
[    9.925289] raid6: avx2x4   gen() 19556 MB/s
[    9.927321] raid6: using algorithm avx2x4 gen() 19556 MB/s
[    9.929002] raid6: using avx2x2 recovery algorithm
[    9.931826] xor: automatically using best checksumming function:
[    9.973215]    avx       : 21987.000 MB/sec
[    9.975843] async_tx: api initialized (async)
[    9.995232] md: raid6 personality registered for level 6
[    9.997317] md: raid5 personality registered for level 5
[    9.999319] md: raid4 personality registered for level 4
[   10.010980] md: raid10 personality registered for level 10
done.
Begin: Running /scripts/init-premount ... done.
Begin: Mounting root file system ... Begin: Running /scripts/local-top ... done.
Begin: Running /scripts/local-premount ... [   10.056944] Btrfs loaded
Scanning for Btrfs filesystems
done.
Warning: fsck not present, so skipping root file system
[   10.099659] EXT4-fs (sda1): INFO: recovery required on readonly filesystem
[   10.102290] EXT4-fs (sda1): write access will be enabled during recovery
[   10.217197] EXT4-fs (sda1): orphan cleanup on readonly fs
[   10.228448] EXT4-fs (sda1): 18 orphan inodes deleted
[   10.234740] EXT4-fs (sda1): recovery complete
[   10.243513] EXT4-fs (sda1): mounted filesystem with ordered data mode. Opts: (null)
done.
Begin: Running /scripts/local-bottom ... done.
Begin: Running /scripts/init-bottom ... done.
[   10.455866] systemd[1]: systemd 229 running in system mode. (+PAM +AUDIT +SELINUX +IMA +APPARMOR +SMACK +SYSVINIT +UTMP +LIBCRYPTSETUP +GCRYPT +GNUTLS +ACL +XZ -LZ4 +SECCOMP +BLKID +ELFUTILS +KMOD -IDN)
[   10.463914] systemd[1]: Detected virtualization oracle.
[   10.471746] systemd[1]: Detected architecture x86-64.

Welcome to [1mUbuntu 16.04.7 LTS[0m!

[   10.480693] systemd[1]: Set hostname to <ubuntu-xenial>.
[   10.692079] systemd[1]: Listening on fsck to fsckd communication Socket.
[[0;32m  OK  [0m] Listening on fsck to fsckd communication Socket.
[   10.702394] systemd[1]: Listening on udev Control Socket.
[[0;32m  OK  [0m] Listening on udev Control Socket.
[   10.706272] systemd[1]: Listening on /dev/initctl Compatibility Named Pipe.
[[0;32m  OK  [0m] Listening on /dev/initctl Compatibility Named Pipe.
[   10.710804] systemd[1]: Created slice System Slice.
[[0;32m  OK  [0m] Created slice System Slice.
[   10.713800] systemd[1]: Set up automount Arbitrary Executable File Formats File System Automount Point.
[[0;32m  OK  [0m] Set up automount Arbitrary Executab...ats File System Automount Point.
[   10.719272] systemd[1]: Listening on Device-mapper event daemon FIFOs.
[[0;32m  OK  [0m] Listening on Device-mapper event daemon FIFOs.
[   10.722147] systemd[1]: Listening on Journal Socket.
[[0;32m  OK  [0m] Listening on Journal Socket.
[   10.737490] systemd[1]: Mounting Huge Pages File System...
         Mounting Huge Pages File System...
[   10.744070] systemd[1]: Mounting Debug File System...
         Mounting Debug File System...
[   10.751643] systemd[1]: Starting Set console keymap...
         Starting Set console keymap...
[   10.761920] systemd[1]: Mounting POSIX Message Queue File System...
         Mounting POSIX Message Queue File System...
[   10.778119] systemd[1]: Listening on Journal Audit Socket.
[[0;32m  OK  [0m] Listening on Journal Audit Socket.
[   10.784599] systemd[1]: Listening on LVM2 poll daemon socket.
[[0;32m  OK  [0m] Listening on LVM2 poll daemon socket.
[   10.792393] systemd[1]: Reached target System Time Synchronized.
[[0;32m  OK  [0m] Reached target System Time Synchronized.
[   10.813380] systemd[1]: Starting Nameserver information manager...
         Starting Nameserver information manager...
[   10.829899] systemd[1]: Started Trigger resolvconf update for networkd DNS.
[[0;32m  OK  [0m] Started Trigger resolvconf update for networkd DNS.
[   10.845687] systemd[1]: Reached target Encrypted Volumes.
[[0;32m  OK  [0m] Reached target Encrypted Volumes.
[   10.853548] systemd[1]: Created slice system-serial\x2dgetty.slice.
[[0;32m  OK  [0m] Created slice system-serial\x2dgetty.slice.
[   10.860127] systemd[1]: Reached target User and Group Name Lookups.
[[0;32m  OK  [0m] Reached target User and Group Name Lookups.
[   10.881956] systemd[1]: Starting File System Check on Root Device...
         Starting File System Check on Root Device...
[   10.889961] systemd[1]: Created slice User and Session Slice.
[[0;32m  OK  [0m] Created slice User and Session Slice.
[   10.896385] systemd[1]: Listening on udev Kernel Socket.
[[0;32m  OK  [0m] Listening on udev Kernel Socket.
[   10.901290] systemd[1]: Listening on Syslog Socket.
[[0;32m  OK  [0m] Listening on Syslog Socket.
[   10.907951] systemd[1]: Started Forward Password Requests to Wall Directory Watch.
[[0;32m  OK  [0m] Started Forward Password Requests to Wall Directory Watch.
[   10.930785] systemd[1]: Starting Uncomplicated firewall...
         Starting Uncomplicated firewall...
[   10.939040] systemd[1]: Starting Load Kernel Modules...
         Starting Load Kernel Modules...
[   10.945465] systemd[1]: Reached target Swap.
[[0;32m  OK  [0m] Reached target Swap.
[   10.956040] systemd[1]: Listening on LVM2 metadata daemon socket.
[[0;32m  OK  [0m] Listening on LVM2 metadata daemon socket.
[   10.964224] Loading iSCSI transport class v2.0-870.
[   10.976521] iscsi: registered transport (tcp)
[   10.977437] systemd[1]: Starting Monitoring of LVM2 mirrors, snapshots etc. using dmeventd or progress polling...
         Starting Monitoring of LVM2 mirrors... dmeventd or progress polling...
[   11.001805] systemd[1]: Listening on Journal Socket (/dev/log).
[[0;32m  OK  [0m] Listening on Journal Socket (/dev/log).
[   11.011752] systemd[1]: Starting Journal Service...
         Starting Journal Service...
[   11.016838] systemd[1]: Starting Create list of required static device nodes for the current kernel...
         Starting Create list of required st... nodes for the current kernel...
[   11.028175] systemd[1]: Reached target Slices.
[[0;32m  OK  [0m] Reached target Slices.
[   11.037848] systemd[1]: Mounted POSIX Message Queue File System.
[[0;32m  OK  [0m] Mounted POSIX Message Queue File System.
[   11.044394] systemd[1]: Mounted Debug File System.
[[0;32m  OK  [0m] Mounted Debug File System.
[   11.054802] systemd[1]: Mounted Huge Pages File System.
[[0;32m  OK  [0m] Mounted Huge Pages File System.
[   11.060360] systemd[1]: Started Journal Service.
[[0;32m  OK  [0m] Started Journal Service.
[[0;32m  OK  [0m] Started Set console keymap.
[   11.072760] iscsi: registered transport (iser)
[[0;32m  OK  [0m] Started File System Check on Root Device.
[[0;32m  OK  [0m] Started Uncomplicated firewall.
[[0;32m  OK  [0m] Started Load Kernel Modules.
[[0;32m  OK  [0m] Started Create list of required sta...ce nodes for the current kernel.
[[0;32m  OK  [0m] Started Nameserver information manager.
[[0;32m  OK  [0m] Started File System Check Daemon to report status.
[[0;32m  OK  [0m] Started LVM2 metadata daemon.
         Starting Create Static Device Nodes in /dev...
         Mounting FUSE Control File System...
         Starting Apply Kernel Variables...
         Starting Remount Root and Kernel File Systems...
[[0;32m  OK  [0m] Mounted FUSE Control File System.
[   11.125607] EXT4-fs (sda1): re-mounted. Opts: (null)
[[0;32m  OK  [0m] Started Remount Root and Kernel File Systems.
         Starting Load/Save Random Seed...
         Starting Flush Journal to Persistent Storage...
         Starting udev Coldplug all Devices...
[[0;32m  OK  [0m] Started Apply Kernel Variables.
[[0;32m  OK  [0m] Started Load/Save Random Seed.
[[0;32m  OK  [0m] Started Create Static Device Nodes in /dev.
[[0;32m  OK  [0m] Started Flush Journal to Persistent Storage.
         Starting udev Kernel Device Manager...
[[0;32m  OK  [0m] Started udev Kernel Device Manager.
[[0;32m  OK  [0m] Started udev Coldplug all Devices.
[[0;32m  OK  [0m] Started Dispatch Password Requests to Console Directory Watch.
[[0;32m  OK  [0m] Found device /dev/ttyS0.
[[0;32m  OK  [0m] Started Monitoring of LVM2 mirrors,...ng dmeventd or progress polling.
[[0;32m  OK  [0m] Reached target Local File Systems (Pre).
[[0;32m  OK  [0m] Reached target Local File Systems.
         Starting Create Volatile Files and Directories...
         Starting Initial cloud-init job (pre-networking)...
         Starting Tell Plymouth To Write Out Runtime Data...
         Starting LSB: AppArmor initialization...
         Starting Set console font and keymap...
[[0;32m  OK  [0m] Started Create Volatile Files and Directories.
         Starting Update UTMP about System Boot/Shutdown...
[[0;32m  OK  [0m] Started Tell Plymouth To Write Out Runtime Data.
[[0;32m  OK  [0m] Started Update UTMP about System Boot/Shutdown.
[[0;32m  OK  [0m] Listening on Load/Save RF Kill Switch Status /dev/rfkill Watch.
[[0;32m  OK  [0m] Found device 82540EM Gigabit Ethern...r (PRO/1000 MT Desktop Adapter).
[[0;32m  OK  [0m] Started LSB: AppArmor initialization.
         Starting Load AppArmor profiles managed internally by snapd...
[[0;32m  OK  [0m] Started Load AppArmor profiles managed internally by snapd.
[[0;32m  OK  [0m] Started Set console font and keymap.
[[0;32m  OK  [0m] Created slice system-getty.slice.
[   13.350810] cloud-init[522]: Cloud-init v. 21.1-19-gbad84ad4-0ubuntu1~16.04.2 running 'init-local' at Tue, 08 Jun 2021 14:35:07 +0000. Up 12.74 seconds.
[[0;32m  OK  [0m] Started Initial cloud-init job (pre-networking).
[[0;32m  OK  [0m] Reached target Network (Pre).
         Starting Raise network interfaces...
[[0;32m  OK  [0m] Started ifup for enp0s3.
[[0;32m  OK  [0m] Started Raise network interfaces.
         Starting Initial cloud-init job (metadata service crawler)...
[[0;32m  OK  [0m] Reached target Network.
[   14.217444] cloud-init[986]: Cloud-init v. 21.1-19-gbad84ad4-0ubuntu1~16.04.2 running 'init' at Tue, 08 Jun 2021 14:35:08 +0000. Up 13.95 seconds.
[   14.222708] cloud-init[986]: ci-info: ++++++++++++++++++++++++++++++++++++++Net device info++++++++++++++++++++++++++++++++++++++
[   14.226747] cloud-init[986]: ci-info: +--------+------+----------------------------+---------------+--------+-------------------+
[   14.231492] cloud-init[986]: ci-info: | Device |  Up  |          Address           |      Mask     | Scope  |     Hw-Address    |
[   14.235086] cloud-init[986]: ci-info: +--------+------+----------------------------+---------------+--------+-------------------+
[   14.239889] cloud-init[986]: ci-info: | enp0s3 | True |         10.0.2.15          | 255.255.255.0 | global | 02:ed:98:3c:8e:82 |
[   14.244261] cloud-init[986]: ci-info: | enp0s3 | True | fe80::ed:98ff:fe3c:8e82/64 |       .       |  link  | 02:ed:98:3c:8e:82 |
[   14.248584] cloud-init[986]: ci-info: |   lo   | True |         127.0.0.1          |   255.0.0.0   |  host  |         .         |
[   14.252672] cloud-init[986]: ci-info: |   lo   | True |          ::1/128           |       .       |  host  |         .         |
[   14.257123] cloud-init[986]: ci-info: +--------+------+----------------------------+---------------+--------+-------------------+
[   14.261298] cloud-init[986]: ci-info: +++++++++++++++++++++++++++Route IPv4 info++++++++++++++++++++++++++++
[   14.264643] cloud-init[986]: ci-info: +-------+-------------+----------+---------------+-----------+-------+[[0;32m  OK  [0m] Started Initial cloud-init job (metadata service crawler).
[[0;32m  OK  [0m] Reached target Network is Online.

[   14.271636] cloud-init[986]: ci-info: | Route | Destination | Gateway  |    Genmask    | Interface | Flags |
[   14.275227] cloud-init[986]: ci-info: +-------+-------------+----------+---------------+-----------+-------+
[   14.278032] cloud-init[986]: ci-info: |   0   |   0.0.0.0   | 10.0.2.2 |    0.0.0.0    |   enp0s3  |   UG  |
[   14.285956]          Starting iSCSI initiator daemon (iscsid)...
[[0;32m  OK  [0m] Reached target System Initialization.
         Starting Docker Socket for the API.
[[0;32m  OK  [0m] Listening on ACPID Listen Socket.
[[0;32m  OK  [0m] Listening on D-Bus System Message Bus Socket.
[[0;32m  OK  [0m] Started Daily Cleanup of Temporary Directories.
[[0;32m  OK  [0m] Listening on UUID daemon activation socket.
cloud-init[986]: ci-info: |   1   |   10.0.2.0  | 0.0.0.0  | 255.255.255.0 |   enp0s3  |   U   |
[   14.299612] cloud-init[986]: ci-info: +-------+-------------+----------+---------------+-----------+-------+
[   14.308236] [[0;32m  OK  [0m] Started ACPI Events Check.
[[0;32m  OK  [0m] Reached target Paths.
cloud-init[986]: ci-info: +++++++++++++++++++Route IPv6 info+++++++++++++++++++
[   14.310352] [[0;32m  OK  [0m] Started Message of the Day.
cloud-init[986]: ci-info: +-------+-------------+---------+-----------+-------+
         Starting LXD - unix socket.
[   14.313642]          Starting Socket activation for snappy daemon.
[[0;32m  OK  [0m] Started Daily apt download activities.
[[0;32m  OK  [0m] Started Daily apt upgrade and clean activities.
[[0;32m  OK  [0m] Reached target Timers.
[[0;32m  OK  [0m] Reached target Cloud-config availability.
cloud-init[986]: ci-info: | Route | Destination | Gateway | Interface | Flags |
[   14.324827] cloud-init[986]: ci-info: +-------+-------------+---------+-----------+-------+
[[0;32m  OK  [0m] Listening on Docker Socket for the API.
[[0;32m  OK  [0m] Listening on LXD - unix socket.
[[0;32m  OK  [0m] Listening on Socket activation for snappy daemon.
[[0;32m  OK  [0m] Reached target Sockets.
[[0;32m  OK  [0m] Reached target Basic System.
         Starting Accounts Service...
[[0;32m  OK  [0m] Started Deferred execution scheduler.
         Starting LSB: MD monitoring daemon...
[   14.327940] cloud-init[986]: ci-info: |   0   |  fe80::/64  |    ::   |   enp0s3  |   U   |
[[0;32m  OK  [0m] Started D-Bus System Message Bus.
[   14.345059] cloud-init[986]: ci-info: |   3   |   ff00::/8  |    ::   |   enp0s3  |   U   |
[   14.356614] cloud-init[986]: ci-info: +-------+-------------+---------+-----------+-------+
         Starting OpenBSD Secure Shell server...
[[0;32m  OK  [0m] Started FUSE filesystem for LXC.
[[0;32m  OK  [0m] Started Regular background program processing daemon.
         Starting Virtualbox guest utils...
[[0;32m  OK  [0m] Started ACPI event daemon.
         Starting System Logging Service...
         Starting LXD - container startup/shutdown...
         Starting Snap Daemon...
         Starting Login Service...
         Starting LSB: Record successful boot for GRUB...
         Starting containerd container runtime...
         Starting /etc/rc.local Compatibility...
[[0;32m  OK  [0m] Started iSCSI initiator daemon (iscsid).
[[0;32m  OK  [0m] Started /etc/rc.local Compatibility.
         Starting Authenticate and Authorize Users to Run Privileged Tasks...
         Starting Login to default iSCSI targets...
[[0;32m  OK  [0m] Started OpenBSD Secure Shell server.
[[0;32m  OK  [0m] Started Login Service.
[[0;32m  OK  [0m] Started LSB: MD monitoring daemon.
[[0;32m  OK  [0m] Started System Logging Service.
[[0;32m  OK  [0m] Started LSB: Record successful boot for GRUB.
[[0;32m  OK  [0m] Started Authenticate and Authorize Users to Run Privileged Tasks.
[[0;32m  OK  [0m] Started Accounts Service.
[[0;32m  OK  [0m] Started Unattended Upgrades Shutdown.
[[0;32m  OK  [0m] Started Login to default iSCSI targets.
[[0;32m  OK  [0m] Reached target Remote File Systems (Pre).
         Mounting /vagrant...
[[0;1;31mFAILED[0m] Failed to mount /vagrant.
See 'systemctl status vagrant.mount' for details.
[[0;1;33mDEPEND[0m] Dependency failed for Remote File Systems.
         Starting Permit User Sessions...
         Starting LSB: automatic crash report generation...
         Starting LSB: Set the CPU Frequency Scaling governor to "ondemand"...
         Starting LSB: daemon to balance interrupts for SMP systems...
[[0;32m  OK  [0m] Started Permit User Sessions.
         Starting Hold until boot process finishes up...
         Starting Terminate Plymouth Boot Screen...
[[0;32m  OK  [0m] Started Hold until boot process finishes up.
         Starting Set console scheme...
[[0;32m  OK  [0m] Started Serial Getty on ttyS0.
[[0;32m  OK  [0m] Started Getty on tty1.
[[0;32m  OK  [0m] Reached target Login Prompts.
[[0;32m  OK  [0m] Started Terminate Plymouth Boot Screen.
[[0;32m  OK  [0m] Started Set console scheme.
[[0;32m  OK  [0m] Started LSB: Set the CPU Frequency Scaling governor to "ondemand".
[[0;32m  OK  [0m] Started LSB: automatic crash report generation.
[[0;32m  OK  [0m] Started LSB: daemon to balance interrupts for SMP systems.
[[0;32m  OK  [0m] Started Virtualbox guest utils.
[[0;32m  OK  [0m] Started LXD - container startup/shutdown.
[[0;32m  OK  [0m] Started Snap Daemon.
         Starting Wait until snapd is fully seeded...
[[0;32m  OK  [0m] Started Wait until snapd is fully seeded.
         Starting Apply the settings specified in cloud-config...
[[0;32m  OK  [0m] Started containerd container runtime.
         Starting Docker Application Container Engine...
[   15.739703] cloud-init[1260]: Cloud-init v. 21.1-19-gbad84ad4-0ubuntu1~16.04.2 running 'modules:config' at Tue, 08 Jun 2021 14:35:09 +0000. Up 15.61 seconds.
[[0;32m  OK  [0m] Started Apply the settings specified in cloud-config.
[[0;32m  OK  [0m] Started Docker Application Container Engine.
[[0;32m  OK  [0m] Reached target Multi-User System.
[[0;32m  OK  [0m] Reached target Graphical Interface.
         Starting Execute cloud user/final scripts...
         Starting Update UTMP about System Runlevel Changes...
[[0;32m  OK  [0m] Started Update UTMP about System Runlevel Changes.
[   16.831496] cloud-init[1460]: Cloud-init v. 21.1-19-gbad84ad4-0ubuntu1~16.04.2 running 'modules:final' at Tue, 08 Jun 2021 14:35:11 +0000. Up 16.70 seconds.
[   16.835076] cloud-init[1460]: Cloud-init v. 21.1-19-gbad84ad4-0ubuntu1~16.04.2 finished at Tue, 08 Jun 2021 14:35:11 +0000. Datasource DataSourceNoCloud [seed=/dev/sdb][dsmode=net].  Up 16.82 seconds
[[0;32m  OK  [0m] Started Execute cloud user/final scripts.
[[0;32m  OK  [0m] Reached target Cloud-init target.

Ubuntu 16.04.7 LTS ubuntu-xenial ttyS0

ubuntu-xenial login: 